// Jest Snapshot v1, https://goo.gl/fbAQLP

exports[`PublishActionButton matches snapshot 1`] = `
<div>
  <div
    class="sc-bwzfXH eprlzE"
  >
    <button
      class="sc-bdVaJa bAArFn sc-htpNat kIspaC"
      color="gray"
      data-testid="cancelPublish"
    >
      취소
    </button>
    <button
      class="sc-bdVaJa lgjZOb sc-htpNat kIspaC"
      color="teal"
      data-testid="publish"
    >
      출간하기
    </button>
  </div>
</div>
`;
